
> portfolio@0.1.0 build
> next build

Γû▓ Next.js 16.2.6 (Turbopack)

  Creating an optimized production build ...
Γ£ô Compiled successfully in 6.8s
  Running TypeScript ...
npm.cmd : Failed to type check.
At line:1 char:122
+ ... lyContinue; & 'C:\Program Files\nodejs\npm.cmd' run build 2>&1 | Tee- ...
+                 ~~~~~~~~~~~~~~~~~~~~~~~~~~~~~~~~~~~~~~~~~~~~~~~~~~
    + CategoryInfo          : NotSpecified: (Failed to type check.:String) [], 
    RemoteException
    + FullyQualifiedErrorId : NativeCommandError
 

./app/api/chat/route.ts:183:23
Type error: Object literal may only specify known properties, but 'mode' does 
not exist in type 'Omit<CallSettings, "stopSequences"> & { system?: string | 
SystemModelMessage | SystemModelMessage[]; allowSystemInMessages?: boolean; } 
& { ...; } & { ...; } & { ...; }'. Did you mean to write 'model'?

  [90m181 |[0m                       messages: aiCallMessages [36mas[0m 
any[],
  [90m182 |[0m                       schema: singleTurnResponseSchema,
[31m[1m>[0m [90m183 |[0m                       mode: [32m'json'[0m,
  [90m    |[0m                       [31m[1m^[0m
  [90m184 |[0m                     });
  [90m185 |[0m                   } [36mcatch[0m (groqErr: any) {
  [90m186 |[0m                     console.error([32m"Groq Fallback 
Error:"[0m, groqErr);
Next.js build worker exited with code: 1 and signal: null
